Loading video: preprocess/media/1917.mp4
  Frames: 32, resolution: 640x360
Loading SpaTrackV2 front-end from Yuxihenry/SpatialTrackerV2_Front
Loading SpaTrackV2 tracker from Yuxihenry/SpatialTrackerV2-Offline
Running VGGT4Track front-end (camera, depth)...
  SpaTrack queries: 24 points at frame 0 (proc resolution 518x294)
Running SpaTrackV2 Predictor (joint 3D tracking)...
[spatracker 32] Execution time: 41.4696 seconds

=== Trajectory summary (ref0 world frame, model-relative scale) ===
Identity class: person (24 query points)

Camera:
  Valid frames: 32/32
  Start xyz: [0.0000, 0.0000, 0.0000]
  End   xyz: [0.5654, 0.2190, 0.1890]
  Path length: 1.2976

Identity centroid:
  Valid frames: 32/32
  Start xyz: [-0.0709, 0.0149, 0.4873]
  End   xyz: [0.0234, -0.0099, 0.5629]
  Path length: 0.8291

Saved trajectories to /sfs/gpfs/tardis/home/uft5by/FrameINO/preprocess/preprocess/tmp/1917_spatrack2.npz
