Loading video: preprocess/media/fight.mp4
  Frames: 22, resolution: 1920x1080
Loading D4RT model from /home/uft5by/FrameINO/preprocess/Open_d4rt/checkpoints/OpenD4RT_48CLIP_9Mix_NoCropAUG/opend4rt.ckpt
Estimating camera trajectory (Umeyama extrinsics + intrinsics)...
Tracking identity queries in ref0 world frame...
[tracking] Execution time: 0.6017 seconds
[opend4rt 22] Execution time: 38.0163 seconds

=== Trajectory summary (ref0 world frame, model-relative scale) ===
Identity class: person (4 query points)

Camera:
  Valid frames: 22/22
  Start xyz: [0.0000, 0.0000, 0.0000]
  End   xyz: [-0.1561, 0.2053, -0.0095]
  Path length: 1.4032

Identity centroid:
  Valid frames: 22/22
  Start xyz: [0.3623, 0.0848, 2.1194]
  End   xyz: [0.3345, 0.3196, 1.4507]
  Path length: 2.7403

Saved trajectories to /sfs/gpfs/tardis/home/uft5by/FrameINO/preprocess/tmp/fight_opend4rt.npz
