Loading video: preprocess/media/track.mp4
  Frames: 17, resolution: 1920x1080
Loading SpaTrackV2 front-end from Yuxihenry/SpatialTrackerV2_Front
Loading SpaTrackV2 tracker from Yuxihenry/SpatialTrackerV2-Offline
Running VGGT4Track front-end (camera, depth)...
  SpaTrack queries: 8 points at frame 0 (proc resolution 518x294)
Running SpaTrackV2 Predictor (joint 3D tracking)...
No available kernel. Aborting execution.
No available kernel. Aborting execution.
No available kernel. Aborting execution.
No available kernel. Aborting execution.
No available kernel. Aborting execution.
No available kernel. Aborting execution.
No available kernel. Aborting execution.
No available kernel. Aborting execution.
No available kernel. Aborting execution.
No available kernel. Aborting execution.
No available kernel. Aborting execution.
No available kernel. Aborting execution.
No available kernel. Aborting execution.
No available kernel. Aborting execution.
No available kernel. Aborting execution.
No available kernel. Aborting execution.
No available kernel. Aborting execution.
No available kernel. Aborting execution.
No available kernel. Aborting execution.
No available kernel. Aborting execution.
No available kernel. Aborting execution.
No available kernel. Aborting execution.
No available kernel. Aborting execution.
No available kernel. Aborting execution.
No available kernel. Aborting execution.
No available kernel. Aborting execution.
No available kernel. Aborting execution.
No available kernel. Aborting execution.
No available kernel. Aborting execution.
No available kernel. Aborting execution.
No available kernel. Aborting execution.
No available kernel. Aborting execution.
No available kernel. Aborting execution.
No available kernel. Aborting execution.
No available kernel. Aborting execution.
No available kernel. Aborting execution.
No available kernel. Aborting execution.
No available kernel. Aborting execution.
No available kernel. Aborting execution.
No available kernel. Aborting execution.
No available kernel. Aborting execution.
No available kernel. Aborting execution.
No available kernel. Aborting execution.
No available kernel. Aborting execution.
No available kernel. Aborting execution.
No available kernel. Aborting execution.
No available kernel. Aborting execution.
No available kernel. Aborting execution.
No available kernel. Aborting execution.
No available kernel. Aborting execution.
No available kernel. Aborting execution.
No available kernel. Aborting execution.
No available kernel. Aborting execution.
No available kernel. Aborting execution.
No available kernel. Aborting execution.
No available kernel. Aborting execution.
No available kernel. Aborting execution.
No available kernel. Aborting execution.
No available kernel. Aborting execution.
No available kernel. Aborting execution.
No available kernel. Aborting execution.
No available kernel. Aborting execution.
No available kernel. Aborting execution.
No available kernel. Aborting execution.
No available kernel. Aborting execution.
No available kernel. Aborting execution.
No available kernel. Aborting execution.
No available kernel. Aborting execution.
No available kernel. Aborting execution.
No available kernel. Aborting execution.
No available kernel. Aborting execution.
No available kernel. Aborting execution.
No available kernel. Aborting execution.
No available kernel. Aborting execution.
No available kernel. Aborting execution.
No available kernel. Aborting execution.
No available kernel. Aborting execution.
No available kernel. Aborting execution.
No available kernel. Aborting execution.
No available kernel. Aborting execution.
No available kernel. Aborting execution.
No available kernel. Aborting execution.
No available kernel. Aborting execution.
No available kernel. Aborting execution.
No available kernel. Aborting execution.
No available kernel. Aborting execution.
No available kernel. Aborting execution.
No available kernel. Aborting execution.
No available kernel. Aborting execution.
No available kernel. Aborting execution.
No available kernel. Aborting execution.
No available kernel. Aborting execution.
No available kernel. Aborting execution.
No available kernel. Aborting execution.
No available kernel. Aborting execution.
No available kernel. Aborting execution.
[spatracker 17] Execution time: 27.5331 seconds

=== Trajectory summary (ref0 world frame, model-relative scale) ===
Identity class: person (8 query points)

Camera:
  Valid frames: 17/17
  Start xyz: [0.0000, 0.0000, 0.0000]
  End   xyz: [-0.0591, 0.0067, 0.1743]
  Path length: 0.9297

Identity centroid:
  Valid frames: 5/17
  Start xyz: [0.0152, 0.0015, 0.3773]
  End   xyz: [0.0192, 0.0057, 0.4436]
  Path length: 0.1183

Saved trajectories to /sfs/gpfs/tardis/home/uft5by/FrameINO/preprocess/tmp/track_spatrack2.npz
