Loading video: preprocess/media/track.mp4
  Frames: 17, resolution: 1920x1080
Loading D4RT model from /home/uft5by/FrameINO/preprocess/Open_d4rt/checkpoints/OpenD4RT_48CLIP_9Mix_NoCropAUG/opend4rt.ckpt
Estimating camera trajectory (Umeyama extrinsics + intrinsics)...
Tracking identity queries in ref0 world frame...
[tracking] Execution time: 0.4367 seconds
[opend4rt 17] Execution time: 24.0772 seconds

=== Trajectory summary (ref0 world frame, model-relative scale) ===
Identity class: person (8 query points)

Camera:
  Valid frames: 17/17
  Start xyz: [0.0000, 0.0000, 0.0000]
  End   xyz: [-0.6094, 0.1274, 0.1452]
  Path length: 1.1865

Identity centroid:
  Valid frames: 17/17
  Start xyz: [0.2920, 0.0692, 3.3907]
  End   xyz: [0.4647, -0.0739, 3.3523]
  Path length: 0.5392

Saved trajectories to /sfs/gpfs/tardis/home/uft5by/FrameINO/preprocess/tmp/track_opend4rt.npz
