Loading video: /home/uft5by/FrameINO/preprocess/1917.mp4
  Frames: 200, resolution: 640x360
Loading D4RT model from /home/uft5by/FrameINO/preprocess/Open_d4rt/checkpoints/OpenD4RT_48CLIP_9Mix_NoCropAUG/opend4rt.ckpt
Segmenting frame-0 with OneFormer...
[segment_model] Execution time: 0.7731 seconds
  Sampled 48 query points (mask area ratio 0.262)
Estimating camera trajectory (Umeyama extrinsics + intrinsics)...
Tracking identity queries in ref0 world frame...
[tracking] Execution time: 183.3515 seconds

=== Trajectory summary (ref0 world frame, model-relative scale) ===
Identity class: person (48 query points)

Camera:
  Valid frames: 200/200
  Start xyz: [0.0000, 0.0000, 0.0000]
  End   xyz: [2.3008, -2.9055, 7.9132]
  Path length: 22.9853

Identity centroid:
  Valid frames: 107/200
  Start xyz: [-0.2593, 0.0476, 1.5163]
  End   xyz: [1.0847, 0.0430, 1.4188]
  Path length: 15.8555

Saved trajectories to /sfs/gpfs/tardis/home/uft5by/FrameINO/preprocess/tmp/2_1917.npz
