Loading video: preprocess/media/1917.mp4
  Frames: 64, resolution: 640x360
Loading SpaTrackV2 front-end from Yuxihenry/SpatialTrackerV2_Front
Loading SpaTrackV2 tracker from Yuxihenry/SpatialTrackerV2-Offline
Running VGGT4Track front-end (camera, depth)...
  SpaTrack queries: 24 points at frame 0 (proc resolution 518x294)
Running SpaTrackV2 Predictor (joint 3D tracking)...
[spatracker 64] Execution time: 66.3072 seconds

=== Trajectory summary (ref0 world frame, model-relative scale) ===
Identity class: person (24 query points)

Camera:
  Valid frames: 64/64
  Start xyz: [0.0000, 0.0000, 0.0000]
  End   xyz: [0.0451, 0.1144, 0.0394]
  Path length: 2.1683

Identity centroid:
  Valid frames: 42/64
  Start xyz: [-0.0658, 0.0143, 0.4478]
  End   xyz: [-0.0211, 0.0355, 0.4845]
  Path length: 0.9062

