Loading video: preprocess/media/running_bridge.mp4
  Frames: 27, resolution: 1920x1080
Loading SpaTrackV2 front-end from Yuxihenry/SpatialTrackerV2_Front
Loading SpaTrackV2 tracker from Yuxihenry/SpatialTrackerV2-Offline
Running VGGT4Track front-end (camera, depth)...
  SpaTrack queries: 8 points at frame 0 (proc resolution 518x294)
Running SpaTrackV2 Predictor (joint 3D tracking)...
[spatracker 27] Execution time: 95.3647 seconds

=== Trajectory summary (ref0 world frame, model-relative scale) ===
Identity class: person (8 query points)

Camera:
  Valid frames: 27/27
  Start xyz: [0.0000, 0.0000, 0.0000]
  End   xyz: [-0.0680, -0.0112, 0.3042]
  Path length: 0.3144

Identity centroid:
  Valid frames: 27/27
  Start xyz: [-0.0312, 0.0108, 0.1435]
  End   xyz: [-0.0997, -0.0040, 0.3998]
  Path length: 0.2723

Saved trajectories to /sfs/gpfs/tardis/home/uft5by/FrameINO/preprocess/tmp/running_bridge_spatrack2.npz
