Loading video: preprocess/media/running_bridge.mp4
  Frames: 27, resolution: 1920x1080
Loading D4RT model from /home/uft5by/FrameINO/preprocess/Open_d4rt/checkpoints/OpenD4RT_48CLIP_9Mix_NoCropAUG/opend4rt.ckpt
Estimating camera trajectory (Umeyama extrinsics + intrinsics)...
Tracking identity queries in ref0 world frame...
[tracking] Execution time: 0.7407 seconds
[opend4rt 27] Execution time: 34.9092 seconds

=== Trajectory summary (ref0 world frame, model-relative scale) ===
Identity class: person (8 query points)

Camera:
  Valid frames: 27/27
  Start xyz: [0.0000, 0.0000, 0.0000]
  End   xyz: [-0.5838, -0.0524, 1.4318]
  Path length: 1.8889

Identity centroid:
  Valid frames: 27/27
  Start xyz: [-0.4260, 0.1052, 0.9466]
  End   xyz: [-0.7831, -0.0451, 1.5121]
  Path length: 0.9217

Saved trajectories to /sfs/gpfs/tardis/home/uft5by/FrameINO/preprocess/tmp/running_bridge_opend4rt.npz
