Loading video: /home/uft5by/FrameINO/preprocess/1917.mp4
  Frames: 400, resolution: 640x360
Loading D4RT model from /home/uft5by/FrameINO/preprocess/Open_d4rt/checkpoints/OpenD4RT_48CLIP_9Mix_NoCropAUG/opend4rt.ckpt
Segmenting frame-0 with OneFormer...
[segment_model] Execution time: 0.8760 seconds
  Sampled 48 query points (mask area ratio 0.262)
Estimating camera trajectory (Umeyama extrinsics + intrinsics)...
Tracking identity queries in ref0 world frame...
[tracking] Execution time: 415.4869 seconds

=== Trajectory summary (ref0 world frame, model-relative scale) ===
Identity class: person (48 query points)

Camera:
  Valid frames: 400/400
  Start xyz: [0.0000, 0.0000, 0.0000]
  End   xyz: [0.8824, -9.0786, 12.2451]
  Path length: 40.9266

Identity centroid:
  Valid frames: 192/400
  Start xyz: [-0.2808, 0.0506, 1.5339]
  End   xyz: [1.0392, -0.0171, 0.8076]
  Path length: 32.7937

Saved trajectories to /sfs/gpfs/tardis/home/uft5by/FrameINO/preprocess/tmp/1917_1000.npz
